// Jest Snapshot v1, https://goo.gl/fbAQLP

exports[`loginWithUserEmail snapshot of googleLogin 1`] = `
<div>
  [object Promise]
</div>
`;
